// Jest Snapshot v1, https://goo.gl/fbAQLP

exports[`<Modal /> when show is true and body provided renders and matches the snapshot 1`] = `
<div
  className="Modal-backdrop is-visible"
>
  <div
    className="Modal"
  >
    <div>
      Test
    </div>
    <button
      className="Button undefined"
      onClick={[Function]}
    >
      Close
    </button>
  </div>
</div>
`;
